// Jest Snapshot v1, https://goo.gl/fbAQLP

exports[`Carousel render no child without errors 1`] = `
<Carousel>
  <div
    className="kd-carousel-root"
    onMouseEnter={[Function]}
    onMouseLeave={[Function]}
    onTransitionEnd={[Function]}
  />
</Carousel>
`;

exports[`Carousel render null or undefined without errors 1`] = `
<Carousel>
  <div
    className="kd-carousel-root"
    onMouseEnter={[Function]}
    onMouseLeave={[Function]}
    onTransitionEnd={[Function]}
  />
</Carousel>
`;

exports[`Carousel renders correctly 1`] = `
<div
  class="kd-carousel-root"
>
  <ul
    class="kd-carousel-list kd-carousel-list-slide"
  >
    <li
      class="kd-carousel-list-item"
    >
      <div
        style="background-color:blue;height:160px;width:100px;display:flex;justify-content:center;align-items:center;color:#fff"
      >
        <h3>
          1
        </h3>
      </div>
    </li>
  </ul>
  <ul
    class="kd-carousel-slidebar kd-carousel-slidebar-bottom"
  >
    <li
      class="kd-carousel-slidebar-dot kd-carousel-slidebar-dot-active"
    >
      <button />
    </li>
  </ul>
</div>
`;
