// Jest Snapshot v1, https://goo.gl/fbAQLP

exports[`Tooltip render Test 1`] = `
<Tooltip
  tip={
    <span>
      text
    </span>
  }
>
  <Popper
    arrow={true}
    placement="top"
    prefixCls="kd-tooltip"
    tip={
      <span>
        text
      </span>
    }
    trigger="hover"
  >
    <span
      className="kd-popper-reference"
    >
      text
    </span>
  </Popper>
</Tooltip>
`;

exports[`Tooltip special case 测试ref返回值不为dom元素 1`] = `
<Tooltip
  tip="tips text"
>
  <Popper
    arrow={true}
    placement="top"
    prefixCls="kd-tooltip"
    tip="tips text"
    trigger="hover"
  >
    <Input
      borderType="bordered"
      className="kd-popper-reference"
      prefix="KDesign"
      suffix="Kdesign"
    >
      <ClearableInput
        borderType="bordered"
        className="kd-popper-reference"
        element={
          <input
            className="kd-input kd-input-size-middle"
            onBlur={[Function]}
            onChange={[Function]}
            onFocus={[Function]}
            onKeyUp={[Function]}
            prefix="KDesign"
            type="text"
            value=""
          />
        }
        focused={false}
        handleReset={[Function]}
        inputCount={null}
        inputType="input"
        prefix="KDesign"
        prefixCls="kd-input"
        size="middle"
        suffix="Kdesign"
        type="text"
        value=""
      >
        <span
          className="kd-input-wrapper kd-input-wrapper-size-middle kd-popper-reference"
          onClick={[Function]}
          onMouseEnter={[Function]}
          onMouseLeave={[Function]}
        >
          <span
            className="kd-input-prefix"
            onMouseDown={[Function]}
          >
            KDesign
          </span>
          <input
            className="kd-input kd-input-size-middle"
            onBlur={[Function]}
            onChange={[Function]}
            onFocus={[Function]}
            onKeyUp={[Function]}
            prefix="KDesign"
            style={null}
            type="text"
            value=""
          />
          <span
            className="kd-input-suffix"
            onMouseDown={[Function]}
          >
            Kdesign
          </span>
        </span>
      </ClearableInput>
    </Input>
  </Popper>
</Tooltip>
`;
