// Jest Snapshot v1, https://goo.gl/fbAQLP

exports[`Rate 2.render test renders correctly 1`] = `
<span
  class="kd-rate kd-rate-size-middle"
>
  <span
    class="kd-rate-item"
  >
    <div
      class="kd-rate-icon-view"
    >
      <span
        class="kd-rate-icon-first"
      >
        <span
          class="kd-rate-icon-wrapper"
        >
          <i
            class="kdicon kdicon-star"
          />
        </span>
      </span>
      <span
        class="kd-rate-icon-second"
      >
        <span
          class="kd-rate-icon-wrapper"
        >
          <i
            class="kdicon kdicon-star"
          />
        </span>
      </span>
    </div>
  </span>
  <span
    class="kd-rate-item"
  >
    <div
      class="kd-rate-icon-view"
    >
      <span
        class="kd-rate-icon-first"
      >
        <span
          class="kd-rate-icon-wrapper"
        >
          <i
            class="kdicon kdicon-star"
          />
        </span>
      </span>
      <span
        class="kd-rate-icon-second"
      >
        <span
          class="kd-rate-icon-wrapper"
        >
          <i
            class="kdicon kdicon-star"
          />
        </span>
      </span>
    </div>
  </span>
  <span
    class="kd-rate-item"
  >
    <div
      class="kd-rate-icon-view"
    >
      <span
        class="kd-rate-icon-first"
      >
        <span
          class="kd-rate-icon-wrapper"
        >
          <i
            class="kdicon kdicon-star"
          />
        </span>
      </span>
      <span
        class="kd-rate-icon-second"
      >
        <span
          class="kd-rate-icon-wrapper"
        >
          <i
            class="kdicon kdicon-star"
          />
        </span>
      </span>
    </div>
  </span>
  <span
    class="kd-rate-item"
  >
    <div
      class="kd-rate-icon-view"
    >
      <span
        class="kd-rate-icon-first"
      >
        <span
          class="kd-rate-icon-wrapper"
        >
          <i
            class="kdicon kdicon-star"
          />
        </span>
      </span>
      <span
        class="kd-rate-icon-second"
      >
        <span
          class="kd-rate-icon-wrapper"
        >
          <i
            class="kdicon kdicon-star"
          />
        </span>
      </span>
    </div>
  </span>
  <span
    class="kd-rate-item"
  >
    <div
      class="kd-rate-icon-view"
    >
      <span
        class="kd-rate-icon-first"
      >
        <span
          class="kd-rate-icon-wrapper"
        >
          <i
            class="kdicon kdicon-star"
          />
        </span>
      </span>
      <span
        class="kd-rate-icon-second"
      >
        <span
          class="kd-rate-icon-wrapper"
        >
          <i
            class="kdicon kdicon-star"
          />
        </span>
      </span>
    </div>
  </span>
</span>
`;

exports[`Rate 2.render test renders correctly 2`] = `
<span
  class="kd-rate kd-rate-size-large"
>
  <span
    class="kd-rate-item"
  >
    <div
      class="kd-rate-icon-view"
    >
      <span
        class="kd-rate-icon-first"
      >
        <span
          class="kd-rate-icon-wrapper"
        >
          <i
            class="kdicon kdicon-star"
          />
        </span>
      </span>
      <span
        class="kd-rate-icon-second"
      >
        <span
          class="kd-rate-icon-wrapper"
        >
          <i
            class="kdicon kdicon-star"
          />
        </span>
      </span>
    </div>
  </span>
  <span
    class="kd-rate-item"
  >
    <div
      class="kd-rate-icon-view"
    >
      <span
        class="kd-rate-icon-first"
      >
        <span
          class="kd-rate-icon-wrapper"
        >
          <i
            class="kdicon kdicon-star"
          />
        </span>
      </span>
      <span
        class="kd-rate-icon-second"
      >
        <span
          class="kd-rate-icon-wrapper"
        >
          <i
            class="kdicon kdicon-star"
          />
        </span>
      </span>
    </div>
  </span>
  <span
    class="kd-rate-item"
  >
    <div
      class="kd-rate-icon-view"
    >
      <span
        class="kd-rate-icon-first"
      >
        <span
          class="kd-rate-icon-wrapper"
        >
          <i
            class="kdicon kdicon-star"
          />
        </span>
      </span>
      <span
        class="kd-rate-icon-second"
      >
        <span
          class="kd-rate-icon-wrapper"
        >
          <i
            class="kdicon kdicon-star"
          />
        </span>
      </span>
    </div>
  </span>
  <span
    class="kd-rate-item"
  >
    <div
      class="kd-rate-icon-view"
    >
      <span
        class="kd-rate-icon-first"
      >
        <span
          class="kd-rate-icon-wrapper"
        >
          <i
            class="kdicon kdicon-star"
          />
        </span>
      </span>
      <span
        class="kd-rate-icon-second"
      >
        <span
          class="kd-rate-icon-wrapper"
        >
          <i
            class="kdicon kdicon-star"
          />
        </span>
      </span>
    </div>
  </span>
  <span
    class="kd-rate-item"
  >
    <div
      class="kd-rate-icon-view"
    >
      <span
        class="kd-rate-icon-first"
      >
        <span
          class="kd-rate-icon-wrapper"
        >
          <i
            class="kdicon kdicon-star"
          />
        </span>
      </span>
      <span
        class="kd-rate-icon-second"
      >
        <span
          class="kd-rate-icon-wrapper"
        >
          <i
            class="kdicon kdicon-star"
          />
        </span>
      </span>
    </div>
  </span>
</span>
`;

exports[`Rate 2.render test renders correctly 3`] = `
<span
  class="kd-rate kd-rate-size-middle"
>
  <span
    class="kd-rate-item"
  >
    <div
      class="kd-rate-icon-view"
    >
      <span
        class="kd-rate-icon-first"
      >
        <span
          class="kd-rate-icon-wrapper"
        >
          <i
            class="kdicon kdicon-star"
          />
        </span>
      </span>
      <span
        class="kd-rate-icon-second"
      >
        <span
          class="kd-rate-icon-wrapper"
        >
          <i
            class="kdicon kdicon-star"
          />
        </span>
      </span>
    </div>
  </span>
  <span
    class="kd-rate-item"
  >
    <div
      class="kd-rate-icon-view"
    >
      <span
        class="kd-rate-icon-first"
      >
        <span
          class="kd-rate-icon-wrapper"
        >
          <i
            class="kdicon kdicon-star"
          />
        </span>
      </span>
      <span
        class="kd-rate-icon-second"
      >
        <span
          class="kd-rate-icon-wrapper"
        >
          <i
            class="kdicon kdicon-star"
          />
        </span>
      </span>
    </div>
  </span>
  <span
    class="kd-rate-item"
  >
    <div
      class="kd-rate-icon-view"
    >
      <span
        class="kd-rate-icon-first"
      >
        <span
          class="kd-rate-icon-wrapper"
        >
          <i
            class="kdicon kdicon-star"
          />
        </span>
      </span>
      <span
        class="kd-rate-icon-second"
      >
        <span
          class="kd-rate-icon-wrapper"
        >
          <i
            class="kdicon kdicon-star"
          />
        </span>
      </span>
    </div>
  </span>
  <span
    class="kd-rate-item"
  >
    <div
      class="kd-rate-icon-view"
    >
      <span
        class="kd-rate-icon-first"
      >
        <span
          class="kd-rate-icon-wrapper"
        >
          <i
            class="kdicon kdicon-star"
          />
        </span>
      </span>
      <span
        class="kd-rate-icon-second"
      >
        <span
          class="kd-rate-icon-wrapper"
        >
          <i
            class="kdicon kdicon-star"
          />
        </span>
      </span>
    </div>
  </span>
  <span
    class="kd-rate-item"
  >
    <div
      class="kd-rate-icon-view"
    >
      <span
        class="kd-rate-icon-first"
      >
        <span
          class="kd-rate-icon-wrapper"
        >
          <i
            class="kdicon kdicon-star"
          />
        </span>
      </span>
      <span
        class="kd-rate-icon-second"
      >
        <span
          class="kd-rate-icon-wrapper"
        >
          <i
            class="kdicon kdicon-star"
          />
        </span>
      </span>
    </div>
  </span>
</span>
`;

exports[`Rate 2.render test renders correctly 4`] = `
<span
  class="kd-rate kd-rate-size-small"
>
  <span
    class="kd-rate-item"
  >
    <div
      class="kd-rate-icon-view"
    >
      <span
        class="kd-rate-icon-first"
      >
        <span
          class="kd-rate-icon-wrapper"
        >
          <i
            class="kdicon kdicon-star"
          />
        </span>
      </span>
      <span
        class="kd-rate-icon-second"
      >
        <span
          class="kd-rate-icon-wrapper"
        >
          <i
            class="kdicon kdicon-star"
          />
        </span>
      </span>
    </div>
  </span>
  <span
    class="kd-rate-item"
  >
    <div
      class="kd-rate-icon-view"
    >
      <span
        class="kd-rate-icon-first"
      >
        <span
          class="kd-rate-icon-wrapper"
        >
          <i
            class="kdicon kdicon-star"
          />
        </span>
      </span>
      <span
        class="kd-rate-icon-second"
      >
        <span
          class="kd-rate-icon-wrapper"
        >
          <i
            class="kdicon kdicon-star"
          />
        </span>
      </span>
    </div>
  </span>
  <span
    class="kd-rate-item"
  >
    <div
      class="kd-rate-icon-view"
    >
      <span
        class="kd-rate-icon-first"
      >
        <span
          class="kd-rate-icon-wrapper"
        >
          <i
            class="kdicon kdicon-star"
          />
        </span>
      </span>
      <span
        class="kd-rate-icon-second"
      >
        <span
          class="kd-rate-icon-wrapper"
        >
          <i
            class="kdicon kdicon-star"
          />
        </span>
      </span>
    </div>
  </span>
  <span
    class="kd-rate-item"
  >
    <div
      class="kd-rate-icon-view"
    >
      <span
        class="kd-rate-icon-first"
      >
        <span
          class="kd-rate-icon-wrapper"
        >
          <i
            class="kdicon kdicon-star"
          />
        </span>
      </span>
      <span
        class="kd-rate-icon-second"
      >
        <span
          class="kd-rate-icon-wrapper"
        >
          <i
            class="kdicon kdicon-star"
          />
        </span>
      </span>
    </div>
  </span>
  <span
    class="kd-rate-item"
  >
    <div
      class="kd-rate-icon-view"
    >
      <span
        class="kd-rate-icon-first"
      >
        <span
          class="kd-rate-icon-wrapper"
        >
          <i
            class="kdicon kdicon-star"
          />
        </span>
      </span>
      <span
        class="kd-rate-icon-second"
      >
        <span
          class="kd-rate-icon-wrapper"
        >
          <i
            class="kdicon kdicon-star"
          />
        </span>
      </span>
    </div>
  </span>
</span>
`;

exports[`Rate 4. render null or undefined without errors render null or undefined buttons without errors 1`] = `
<Rate>
  <span
    className="kd-rate kd-rate-size-middle"
    onMouseEnter={[Function]}
    onMouseLeave={[Function]}
  >
    <span
      className="kd-rate-item"
      key="1"
    >
      <div
        className="kd-rate-icon-view"
      >
        <span
          className="kd-rate-icon-first"
          onClick={[Function]}
          onMouseEnter={[Function]}
          onMouseLeave={[Function]}
        >
          <span
            className="kd-rate-icon-wrapper"
          >
            <Icon
              type="star"
            >
              <i
                className="kdicon kdicon-star"
                onClick={[Function]}
                onMouseEnter={[Function]}
                onMouseLeave={[Function]}
                style={Object {}}
              />
            </Icon>
          </span>
        </span>
        <span
          className="kd-rate-icon-second"
          onClick={[Function]}
          onMouseEnter={[Function]}
          onMouseLeave={[Function]}
        >
          <span
            className="kd-rate-icon-wrapper"
          >
            <Icon
              type="star"
            >
              <i
                className="kdicon kdicon-star"
                onClick={[Function]}
                onMouseEnter={[Function]}
                onMouseLeave={[Function]}
                style={Object {}}
              />
            </Icon>
          </span>
        </span>
      </div>
    </span>
    <span
      className="kd-rate-item"
      key="2"
    >
      <div
        className="kd-rate-icon-view"
      >
        <span
          className="kd-rate-icon-first"
          onClick={[Function]}
          onMouseEnter={[Function]}
          onMouseLeave={[Function]}
        >
          <span
            className="kd-rate-icon-wrapper"
          >
            <Icon
              type="star"
            >
              <i
                className="kdicon kdicon-star"
                onClick={[Function]}
                onMouseEnter={[Function]}
                onMouseLeave={[Function]}
                style={Object {}}
              />
            </Icon>
          </span>
        </span>
        <span
          className="kd-rate-icon-second"
          onClick={[Function]}
          onMouseEnter={[Function]}
          onMouseLeave={[Function]}
        >
          <span
            className="kd-rate-icon-wrapper"
          >
            <Icon
              type="star"
            >
              <i
                className="kdicon kdicon-star"
                onClick={[Function]}
                onMouseEnter={[Function]}
                onMouseLeave={[Function]}
                style={Object {}}
              />
            </Icon>
          </span>
        </span>
      </div>
    </span>
    <span
      className="kd-rate-item"
      key="3"
    >
      <div
        className="kd-rate-icon-view"
      >
        <span
          className="kd-rate-icon-first"
          onClick={[Function]}
          onMouseEnter={[Function]}
          onMouseLeave={[Function]}
        >
          <span
            className="kd-rate-icon-wrapper"
          >
            <Icon
              type="star"
            >
              <i
                className="kdicon kdicon-star"
                onClick={[Function]}
                onMouseEnter={[Function]}
                onMouseLeave={[Function]}
                style={Object {}}
              />
            </Icon>
          </span>
        </span>
        <span
          className="kd-rate-icon-second"
          onClick={[Function]}
          onMouseEnter={[Function]}
          onMouseLeave={[Function]}
        >
          <span
            className="kd-rate-icon-wrapper"
          >
            <Icon
              type="star"
            >
              <i
                className="kdicon kdicon-star"
                onClick={[Function]}
                onMouseEnter={[Function]}
                onMouseLeave={[Function]}
                style={Object {}}
              />
            </Icon>
          </span>
        </span>
      </div>
    </span>
    <span
      className="kd-rate-item"
      key="4"
    >
      <div
        className="kd-rate-icon-view"
      >
        <span
          className="kd-rate-icon-first"
          onClick={[Function]}
          onMouseEnter={[Function]}
          onMouseLeave={[Function]}
        >
          <span
            className="kd-rate-icon-wrapper"
          >
            <Icon
              type="star"
            >
              <i
                className="kdicon kdicon-star"
                onClick={[Function]}
                onMouseEnter={[Function]}
                onMouseLeave={[Function]}
                style={Object {}}
              />
            </Icon>
          </span>
        </span>
        <span
          className="kd-rate-icon-second"
          onClick={[Function]}
          onMouseEnter={[Function]}
          onMouseLeave={[Function]}
        >
          <span
            className="kd-rate-icon-wrapper"
          >
            <Icon
              type="star"
            >
              <i
                className="kdicon kdicon-star"
                onClick={[Function]}
                onMouseEnter={[Function]}
                onMouseLeave={[Function]}
                style={Object {}}
              />
            </Icon>
          </span>
        </span>
      </div>
    </span>
    <span
      className="kd-rate-item"
      key="5"
    >
      <div
        className="kd-rate-icon-view"
      >
        <span
          className="kd-rate-icon-first"
          onClick={[Function]}
          onMouseEnter={[Function]}
          onMouseLeave={[Function]}
        >
          <span
            className="kd-rate-icon-wrapper"
          >
            <Icon
              type="star"
            >
              <i
                className="kdicon kdicon-star"
                onClick={[Function]}
                onMouseEnter={[Function]}
                onMouseLeave={[Function]}
                style={Object {}}
              />
            </Icon>
          </span>
        </span>
        <span
          className="kd-rate-icon-second"
          onClick={[Function]}
          onMouseEnter={[Function]}
          onMouseLeave={[Function]}
        >
          <span
            className="kd-rate-icon-wrapper"
          >
            <Icon
              type="star"
            >
              <i
                className="kdicon kdicon-star"
                onClick={[Function]}
                onMouseEnter={[Function]}
                onMouseLeave={[Function]}
                style={Object {}}
              />
            </Icon>
          </span>
        </span>
      </div>
    </span>
  </span>
</Rate>
`;
